// Jest Snapshot v1, https://goo.gl/fbAQLP

exports[`<App/> component should render correctly 1`] = `
<div
  className="addNewTask"
>
  <h2
    className="title"
  >
    Add a new task
  </h2>
  <div
    className="taskDetails"
  >
    <TextArea
      additionalStyles="textArea"
      onChange={[Function]}
      reference={Symbol(test-ref)}
      value=""
    />
    <Button
      additionalStyles="button"
      onClick={[Function]}
    >
      <span
        aria-label="add a new task"
        role="img"
      >
        +
      </span>
    </Button>
  </div>
</div>
`;
