// Jest Snapshot v1, https://goo.gl/fbAQLP

exports[`<App/> component should render correctly 1`] = `
<div
  className="addNewToDo"
>
  <h2
    className="title"
  >
    Add a new todo
  </h2>
  <div
    className="todoDetails"
  >
    <TextArea
      additionalStyles="textArea"
      onChange={[Function]}
      value=""
    />
    <Button
      additionalStyles="button"
      onClick={[Function]}
    >
      <span
        aria-label="add a new todo"
        role="img"
      >
        +
      </span>
    </Button>
  </div>
</div>
`;
